src/components/app.layout.tsx(57,14): error TS2739: Type '{}' is missing the following properties from type 'NotificationSettingsDialogProps': open, onOpenChange
src/components/pos/payment-dialog.tsx(12,3): error TS6133: 'UserPlus' is declared but its value is never read.
src/components/pos/payment-dialog.tsx(13,3): error TS6133: 'Phone' is declared but its value is never read.
src/components/pos/payment-dialog.tsx(15,3): error TS6133: 'QrCode' is declared but its value is never read.
src/components/pos/payment-dialog.tsx(16,3): error TS6133: 'Copy' is declared but its value is never read.
src/components/pos/payment-dialog.tsx(34,35): error TS6133: 'AlertTitle' is declared but its value is never read.
src/components/pos/payment-dialog.tsx(151,17): error TS6133: 'setNotes' is declared but its value is never read.
src/components/pos/payment-dialog.tsx(224,9): error TS6133: 'isComplete' is declared but its value is never read.
src/components/pos/payment-dialog.tsx(246,9): error TS6133: 'paymentUrl' is declared but its value is never read.
src/components/pos/payment-dialog.tsx(404,11): error TS2304: Cannot find name 'toast'.
src/components/pos/payment-dialog.tsx(525,9): error TS6133: 'handleCopy' is declared but its value is never read.
src/components/pos/payment-dialog.tsx(768,26): error TS2304: Cannot find name 'ReceiptText'.
src/pages/index.tsx(48,14): error TS2739: Type '{}' is missing the following properties from type 'NotificationSettingsDialogProps': open, onOpenChange
